2026-06-11 18:28:26,446 [INFO] Detectado limite de CPUs: 10
2026-06-11 18:28:27,057 [INFO] 🔥 INICIANDO PIPELINE V2 (LEAKAGE CORRIGIDO) NO APUANA 🔥
2026-06-11 18:28:27,057 [INFO] 
=================================================================
2026-06-11 18:28:27,057 [INFO] 📁 blood-transfusion-service-center (tid=1464, regime=small)
2026-06-11 18:28:27,057 [INFO] =================================================================
2026-06-11 18:28:27,058 [INFO] Starting [get] request for the URL https://www.openml.org/api/v1/xml/task/1464
2026-06-11 18:28:28,761 [WARNING]   ⚠️ Task 1464 inexistente. Tentando como Dataset ID direto...
2026-06-11 18:28:29,952 [INFO] Redirecting http://data.openml.org/datasets/0000/1464/dataset_1464.pq -> https://data.openml.org:443/datasets/0000/1464/dataset_1464.pq
2026-06-11 18:28:31,213 [INFO] Redirecting http://data.openml.org/datasets/0000/1464/dataset_1464.pq -> https://data.openml.org:443/datasets/0000/1464/dataset_1464.pq
2026-06-11 18:28:31,562 [INFO] pickle write blood-transfusion-service-center
2026-06-11 18:28:31,570 [INFO]   🔧 Iniciando TabICL...
2026-06-11 18:28:34,452 [INFO]   ✅ TabICL | ACC=0.7956 | AUC=0.7727 | Tempo=2.9s
2026-06-11 18:28:34,454 [INFO]   🔧 Iniciando LightGBM_TD...
2026-06-11 18:28:34,685 [INFO]   ✅ LightGBM_TD | ACC=0.7467 | AUC=0.7244 | Tempo=0.2s
2026-06-11 18:28:34,686 [INFO]   🔧 Iniciando XGBoost_TD...
2026-06-11 18:28:34,817 [INFO]   ✅ XGBoost_TD | ACC=0.7378 | AUC=0.7129 | Tempo=0.1s
2026-06-11 18:28:34,818 [INFO]   🔧 Iniciando CatBoost_TD...
2026-06-11 18:28:34,829 [ERROR]   ❌ CatBoost_TD FAILED: catboost/libs/train_lib/trainer_env.cpp:9: Environment for task type [GPU] not found
Traceback (most recent call last):
  File "/Users/joaopms/Downloads/projeto-final-AM-template-main/cluster_apuana/run_cluster_final_v2.py", line 396, in execute_model
    res = run_func(*args)
          ^^^^^^^^^^^^^^^
  File "/Users/joaopms/Downloads/projeto-final-AM-template-main/cluster_apuana/run_cluster_final_v2.py", line 147, in run_baseline
    model.fit(X_train, y_train)
  File "/Users/joaopms/Downloads/projeto-final-AM-template-main/.venv/lib/python3.11/site-packages/catboost/core.py", line 5547, in fit
    self._fit(X, y, cat_features, text_features, embedding_features, None, graph, sample_weight, None, None, None, None, baseline, use_best_model,
  File "/Users/joaopms/Downloads/projeto-final-AM-template-main/.venv/lib/python3.11/site-packages/catboost/core.py", line 2716, in _fit
    self._train(
  File "/Users/joaopms/Downloads/projeto-final-AM-template-main/.venv/lib/python3.11/site-packages/catboost/core.py", line 1824, in _train
    self._object._train(train_pool, test_pool, params, allow_clear_pool, init_model._object if init_model else None)
  File "_catboost.pyx", line 5430, in _catboost._CatBoost._train
  File "_catboost.pyx", line 5479, in _catboost._CatBoost._train
_catboost.CatBoostError: catboost/libs/train_lib/trainer_env.cpp:9: Environment for task type [GPU] not found
2026-06-11 18:28:35,028 [INFO]   ⚙️ Iniciando AutoGluon_Default (limite=0min)...
2026-06-11 18:28:50,666 [INFO]   ✅ AutoGluon_Default | ACC=0.7911 | AUC=0.7320 | Tempo=15.6s
2026-06-11 18:28:50,669 [INFO]   ⚙️ Iniciando AutoGluon_Extreme (limite=0min)...
